../Inc/HAL_STM32F103C6T6/src/ll/g474/flash_ll_g474.c:21:12:flash_wait_ready	16	static
../Inc/HAL_STM32F103C6T6/src/ll/g474/flash_ll_g474.c:42:17:flash_get_size	16	static
../Inc/HAL_STM32F103C6T6/src/ll/g474/flash_ll_g474.c:54:13:flash_clear_flags	4	static
../Inc/HAL_STM32F103C6T6/src/ll/g474/flash_ll_g474.c:66:5:flash_ll_unlock	4	static
../Inc/HAL_STM32F103C6T6/src/ll/g474/flash_ll_g474.c:82:5:flash_ll_lock	8	static
../Inc/HAL_STM32F103C6T6/src/ll/g474/flash_ll_g474.c:92:16:flash_disable_dcache	4	static
../Inc/HAL_STM32F103C6T6/src/ll/g474/flash_ll_g474.c:104:13:flash_restore_dcache	16	static
../Inc/HAL_STM32F103C6T6/src/ll/g474/flash_ll_g474.c:117:13:flash_flush_icache	4	static
../Inc/HAL_STM32F103C6T6/src/ll/g474/flash_ll_g474.c:132:5:flash_ll_erase_page	64	static,ignoring_inline_asm
../Inc/HAL_STM32F103C6T6/src/ll/g474/flash_ll_g474.c:255:5:flash_ll_program_doubleword	56	static,ignoring_inline_asm
../Inc/HAL_STM32F103C6T6/src/ll/g474/flash_ll_g474.c:333:5:flash_ll_read_doubleword	56	static
../Inc/HAL_STM32F103C6T6/src/ll/g474/flash_ll_g474.c:368:5:flash_ll_read_halfword	24	static
