../Inc/HAL_STM32F103C6T6/src/ll/g474/nvstore_g474.c:78:17:align8	16	static
../Inc/HAL_STM32F103C6T6/src/ll/g474/nvstore_g474.c:84:17:recordTailOffset	16	static
../Inc/HAL_STM32F103C6T6/src/ll/g474/nvstore_g474.c:93:17:recordSize	16	static
../Inc/HAL_STM32F103C6T6/src/ll/g474/nvstore_g474.c:101:17:recordPayloadAddress	16	static
../Inc/HAL_STM32F103C6T6/src/ll/g474/nvstore_g474.c:107:17:recordTailAddress	16	static
../Inc/HAL_STM32F103C6T6/src/ll/g474/nvstore_g474.c:115:17:otherPage	16	static
../Inc/HAL_STM32F103C6T6/src/ll/g474/nvstore_g474.c:132:13:sequenceIsNewer	16	static
../Inc/HAL_STM32F103C6T6/src/ll/g474/nvstore_g474.c:145:17:crc32Update	40	static
../Inc/HAL_STM32F103C6T6/src/ll/g474/nvstore_g474.c:183:17:recordCRC	32	static
../Inc/HAL_STM32F103C6T6/src/ll/g474/nvstore_g474.c:211:13:readHeader	16	static
../Inc/HAL_STM32F103C6T6/src/ll/g474/nvstore_g474.c:223:13:readTail	16	static
../Inc/HAL_STM32F103C6T6/src/ll/g474/nvstore_g474.c:242:13:slotIsErased	24	static
../Inc/HAL_STM32F103C6T6/src/ll/g474/nvstore_g474.c:269:20:programBytes	48	static
../Inc/HAL_STM32F103C6T6/src/ll/g474/nvstore_g474.c:328:20:scanPage	80	static
../Inc/HAL_STM32F103C6T6/src/ll/g474/nvstore_g474.c:435:20:findEmptySlot	32	static
../Inc/HAL_STM32F103C6T6/src/ll/g474/nvstore_g474.c:468:13:NV_Init	40	static
../Inc/HAL_STM32F103C6T6/src/ll/g474/nvstore_g474.c:651:13:NV_Load	32	static
../Inc/HAL_STM32F103C6T6/src/ll/g474/nvstore_g474.c:688:13:NV_Save	80	static
../Inc/HAL_STM32F103C6T6/src/ll/g474/nvstore_g474.c:878:10:NV_LastSeq	16	static
