../Src/activities.c:20:13:PackInt16	24	static
../Src/activities.c:28:16:LegPacketChecksum	24	static
../Src/activities.c:39:14:Lerp	24	static
../Src/activities.c:44:13:LEG_SetTrajectoryPoint	32	static
../Src/activities.c:57:14:SmoothStep	16	static
../Src/activities.c:62:13:LEG_Push	32	static
../Src/activities.c:70:13:LEG_Swing	40	static
../Src/activities.c:92:13:Tripod_Push	32	static
../Src/activities.c:103:13:Tripod_Swing	32	static
../Src/activities.c:114:13:SPIDER_StepStart	24	static
../Src/activities.c:138:6:BRAIN_Init	16	static
../Src/activities.c:153:6:LEG_SetAngles	32	static
../Src/activities.c:175:6:LEG_SetPosition	48	static
../Src/activities.c:201:6:SPIDER_StepBase	16	static
../Src/activities.c:214:6:SPIDER_StepForward	8	static
../Src/activities.c:219:6:SPIDER_StepBackward	8	static
../Src/activities.c:224:6:SPIDER_StepLeft	4	static
../Src/activities.c:229:6:SPIDER_StepRight	4	static
../Src/activities.c:234:6:SPIDER_GaitUpdate	32	static
../Src/activities.c:306:6:LEG_IK	64	static
../Src/activities.c:345:6:BRAIN_SendCurrentState	40	static
