../Inc/HAL_STM32F103C6T6/src/../inc/../ST/g0/core_cm0plus.h:741:22:__NVIC_EnableIRQ	16	static,ignoring_inline_asm
../Inc/HAL_STM32F103C6T6/src/modbus.c:22:9:MODBUS_IsBusy	8	static
../Inc/HAL_STM32F103C6T6/src/modbus.c:27:13:NV_MarkDirty	16	static
../Inc/HAL_STM32F103C6T6/src/modbus.c:35:23:TimeReached	16	static
../Inc/HAL_STM32F103C6T6/src/modbus.c:40:9:NV_CommitTimerDue	40	static
../Inc/HAL_STM32F103C6T6/src/modbus.c:48:6:MODBUS_Init	16	static
../Inc/HAL_STM32F103C6T6/src/modbus.c:62:13:ReconfigureUARTCFG	64	static
../Inc/HAL_STM32F103C6T6/src/modbus.c:95:13:MODBUS_RxCallback	16	static
../Inc/HAL_STM32F103C6T6/src/modbus.c:121:13:MODBUS_TxCallback	16	static
../Inc/HAL_STM32F103C6T6/src/modbus.c:130:13:MODBUS_Timer_IRQHandler	8	static
../Inc/HAL_STM32F103C6T6/src/modbus.c:145:6:MODBUS_Process	280	static,ignoring_inline_asm
../Inc/HAL_STM32F103C6T6/src/modbus.c:195:13:MODBUS_HandleReadHoldingRegisters	288	static
../Inc/HAL_STM32F103C6T6/src/modbus.c:244:13:MODBUS_HandleWriteSingleRegister	32	static
../Inc/HAL_STM32F103C6T6/src/modbus.c:294:13:MODBUS_HandleWriteMultipleRegisters	48	static
../Inc/HAL_STM32F103C6T6/src/modbus.c:370:13:MODBUS_SendException	40	static
../Inc/HAL_STM32F103C6T6/src/modbus.c:382:10:MODBUS_CRC16	24	static
