../Inc/HAL_STM32F103C6T6/src/ll/g0/i2c_g0.c:10:13:I2C_WaitWhile	24	static
../Inc/HAL_STM32F103C6T6/src/ll/g0/i2c_g0.c:19:13:I2C_WaitUntilAny	24	static
../Inc/HAL_STM32F103C6T6/src/ll/g0/i2c_g0.c:28:13:I2C_ClearFlags	16	static
../Inc/HAL_STM32F103C6T6/src/ll/g0/i2c_g0.c:40:13:I2C_CheckError	24	static
../Inc/HAL_STM32F103C6T6/src/ll/g0/i2c_g0.c:50:13:I2C_DelaySmall	16	static,ignoring_inline_asm
../Inc/HAL_STM32F103C6T6/src/ll/g0/i2c_g0.c:55:13:I2C_BusRecover	40	static
../Inc/HAL_STM32F103C6T6/src/ll/g0/i2c_g0.c:93:13:I2C_GPIO_AF_Init	32	static
../Inc/HAL_STM32F103C6T6/src/ll/g0/i2c_g0.c:111:13:I2C_EnableClockAndReset	16	static
../Inc/HAL_STM32F103C6T6/src/ll/g0/i2c_g0.c:127:6:I2C_Init	48	static
../Inc/HAL_STM32F103C6T6/src/ll/g0/i2c_g0.c:143:6:I2C_Start	16	static
../Inc/HAL_STM32F103C6T6/src/ll/g0/i2c_g0.c:148:13:I2C_WaitStop	16	static
../Inc/HAL_STM32F103C6T6/src/ll/g0/i2c_g0.c:157:13:I2C_WriteRaw	32	static
../Inc/HAL_STM32F103C6T6/src/ll/g0/i2c_g0.c:180:13:I2C_ReadRaw	32	static
../Inc/HAL_STM32F103C6T6/src/ll/g0/i2c_g0.c:203:13:I2C_WriteRegNoStop	16	static
../Inc/HAL_STM32F103C6T6/src/ll/g0/i2c_g0.c:227:6:I2C_WriteReg	32	static
../Inc/HAL_STM32F103C6T6/src/ll/g0/i2c_g0.c:237:9:I2C_WriteByteArray	296	static
../Inc/HAL_STM32F103C6T6/src/ll/g0/i2c_g0.c:250:9:I2C_ReadReg	40	static
../Inc/HAL_STM32F103C6T6/src/ll/g0/i2c_g0.c:257:9:I2C_Read_Burst	40	static
