../Inc/HAL_STM32F103C6T6/src/ll/g0/../../../inc/../ST/g0/core_cm0plus.h:741:22:__NVIC_EnableIRQ	16	static,ignoring_inline_asm
../Inc/HAL_STM32F103C6T6/src/ll/g0/usart_g0.c:18:6:USART_Init	64	static
../Inc/HAL_STM32F103C6T6/src/ll/g0/usart_g0.c:78:10:USART_Available	32	static
../Inc/HAL_STM32F103C6T6/src/ll/g0/usart_g0.c:84:6:USART_WriteByte	40	static
../Inc/HAL_STM32F103C6T6/src/ll/g0/usart_g0.c:97:6:USART_WriteLine	48	static
../Inc/HAL_STM32F103C6T6/src/ll/g0/usart_g0.c:112:6:USART_ReadByte	40	static
../Inc/HAL_STM32F103C6T6/src/ll/g0/usart_g0.c:124:6:USART_ReadBytes	56	static
../Inc/HAL_STM32F103C6T6/src/ll/g0/usart_g0.c:143:6:echo	24	static
../Inc/HAL_STM32F103C6T6/src/ll/g0/usart_g0.c:151:9:USART_Index	16	static
../Inc/HAL_STM32F103C6T6/src/ll/g0/usart_g0.c:158:6:USART_SetHandlers	32	static
../Inc/HAL_STM32F103C6T6/src/ll/g0/usart_g0.c:166:13:USART_RXHandler_Default	32	static
../Inc/HAL_STM32F103C6T6/src/ll/g0/usart_g0.c:177:13:USART_TXHandler_Default	16	static
../Inc/HAL_STM32F103C6T6/src/ll/g0/usart_g0.c:182:6:USART1_IRQHandler	8	static
../Inc/HAL_STM32F103C6T6/src/ll/g0/usart_g0.c:187:6:USART2_LPUART2_IRQHandler	8	static
../Inc/HAL_STM32F103C6T6/src/ll/g0/usart_g0.c:192:6:USART_IRQHandler_Shared	24	static
../Inc/HAL_STM32F103C6T6/src/ll/g0/usart_g0.c:228:10:USART_BrrCalc	32	static
